contig	start	end	strand	n_called	n_mod	freq	mod_code
chr20	4980599	4980599	+	1	1	1.000000	m
chr20	4980820	4980820	+	1	1	1.000000	m
chr20	4980899	4980899	+	1	1	1.000000	m
chr20	4980955	4980955	+	1	1	1.000000	m
chr20	4980616	4980616	+	1	0	0.000000	m
chr20	4980690	4980690	+	1	0	0.000000	m
chr20	4980780	4980780	+	1	1	1.000000	m
chr20	4980807	4980807	+	1	0	0.000000	m
chr20	4980553	4980553	+	1	1	1.000000	m
